// Jest Snapshot v1, https://goo.gl/fbAQLP

exports[`renders correctly 1`] = `
<View
  accessible={true}
  focusable={true}
  onClick={[Function]}
  onResponderGrant={[Function]}
  onResponderMove={[Function]}
  onResponderRelease={[Function]}
  onResponderTerminate={[Function]}
  onResponderTerminationRequest={[Function]}
  onStartShouldSetResponder={[Function]}
  style={
    Object {
      "alignItems": "center",
      "backgroundColor": "#F6E155",
      "justifyContent": "center",
      "opacity": 1,
      "paddingVertical": 20,
    }
  }
>
  <Text
    style={
      Object {
        "color": "#225AA0",
        "fontSize": 15,
        "fontWeight": "bold",
      }
    }
  >
    Text button
  </Text>
</View>
`;
